[     560ms] [ERROR] Failed to load resource: the server responded with a status of 404 () @ https://nicerella.vercel.app/__clerk/npm/@clerk/ui@1/dist/ui.browser.js:0
[     593ms] [ERROR] Failed to load resource: the server responded with a status of 404 () @ https://nicerella.vercel.app/__clerk/npm/@clerk/clerk-js@6/dist/clerk.browser.js:0
[     593ms] [ERROR] Refused to execute script from 'https://nicerella.vercel.app/__clerk/npm/@clerk/clerk-js@6/dist/clerk.browser.js' because its MIME type ('text/html') is not executable, and strict MIME type checking is enabled. @ https://nicerella.vercel.app/products/94aaf9fd-0790-42b5-ad6d-9c1bcb8c7302:0
[     682ms] [WARNING] AdSense head tag doesn't support data-nscript attribute. @ https://pagead2.googlesyndication.com/pagead/js/adsbygoogle.js?client=():301
[     844ms] [ERROR] Failed to load resource: the server responded with a status of 400 () @ https://googleads.g.doubleclick.net/pagead/ads?client=()&output=html&adk=1812271804&adf=3025194257&abgtt=1&lmt=1786260214&plat=1%3A8%2C2%3A8%2C3%3A2162688%2C4%3A2162688%2C9%3A32776%2C16%3A8388608%2C17%3A32%2C24%3A32%2C25%3A32%2C30%3A1048576%2C32%3A32%2C41%3A32%2C42%3A32%2C43%3A32%2C44%3A32&format=0x0&url=https%3A%2F%2Fnicerella.vercel.app%2Fproducts%2F94aaf9fd-0790-42b5-ad6d-9c1bcb8c7302&pra=5&aiof=10&asro=0&aimartd=4&aieuf=1&aicrs=1&uach=WyJMaW51eCIsIiIsIng4NiIsIiIsIjE1MS4wLjc5MjIuNzUiLG51bGwsMCxudWxsLCI2NCIsW1siTm90PUE_QnJhbmQiLCI5OS4wLjAuMCJdLFsiR29vZ2xlIENocm9tZSIsIjE1MS4wLjc5MjIuNzUiXSxbIkNocm9taXVtIiwiMTUxLjAuNzkyMi43NSJdXSwwXQ..&dt=1786260214209&bpp=1&bdt=159&idt=30&shv=r20260805&mjsv=m202608060101&ptt=9&saldr=aa&abxe=1&cookie_enabled=1&eoidce=1&nras=1&correlator=3299955396378&frm=20&pv=2&u_tz=0&u_his=4&u_h=600&u_w=800&u_ah=600&u_aw=800&u_cd=24&u_sd=1&dmc=8&adx=-12245933&ady=-12245933&biw=780&bih=493&scr_x=0&scr_y=0&eid=95396138%2C95397133%2C95397380%2C122880126%2C122880261&oid=2&pvsid=6965479116560924&tmod=873616100&uas=0&nvt=1&fsapi=1&fc=1920&brdim=10%2C10%2C10%2C10%2C800%2C0%2C780%2C580%2C780%2C493&vis=1&rsz=%7C%7Cs%7C&abl=NS&fu=32768&bc=31&bz=1&pgls=CAk.&ifi=1&uci=a!1&fsb=1&dtd=53:0
[     844ms] [ERROR] Failed to load resource: the server responded with a status of 400 () @ https://googleads.g.doubleclick.net/pagead/ads?client=()&output=html&adk=1812271804&adf=3025194257&abgtt=1&lmt=1786260214&plat=1%3A8%2C2%3A8%2C3%3A2162688%2C4%3A2162688%2C9%3A32776%2C16%3A8388608%2C17%3A32%2C24%3A32%2C25%3A32%2C30%3A1048576%2C32%3A32%2C41%3A32%2C42%3A32%2C43%3A32%2C44%3A32&format=0x0&url=https%3A%2F%2Fnicerella.vercel.app%2Fproducts%2F94aaf9fd-0790-42b5-ad6d-9c1bcb8c7302&pra=5&aiof=10&asro=0&aimartd=4&aieuf=1&aicrs=1&uach=WyJMaW51eCIsIiIsIng4NiIsIiIsIjE1MS4wLjc5MjIuNzUiLG51bGwsMCxudWxsLCI2NCIsW1siTm90PUE_QnJhbmQiLCI5OS4wLjAuMCJdLFsiR29vZ2xlIENocm9tZSIsIjE1MS4wLjc5MjIuNzUiXSxbIkNocm9taXVtIiwiMTUxLjAuNzkyMi43NSJdXSwwXQ..&dt=1786260214209&bpp=1&bdt=159&idt=30&shv=r20260805&mjsv=m202608060101&ptt=9&saldr=aa&abxe=1&cookie_enabled=1&eoidce=1&nras=1&correlator=3299955396378&frm=20&pv=2&u_tz=0&u_his=4&u_h=600&u_w=800&u_ah=600&u_aw=800&u_cd=24&u_sd=1&dmc=8&adx=-12245933&ady=-12245933&biw=780&bih=493&scr_x=0&scr_y=0&eid=95396138%2C95397133%2C95397380%2C122880126%2C122880261&oid=2&pvsid=6965479116560924&tmod=873616100&uas=0&nvt=1&fsapi=1&fc=1920&brdim=10%2C10%2C10%2C10%2C800%2C0%2C780%2C580%2C780%2C493&vis=1&rsz=%7C%7Cs%7C&abl=NS&fu=32768&bc=31&bz=1&pgls=CAk.&ifi=1&uci=a!1&fsb=1&dtd=53:0
[     958ms] [ERROR] Failed to load resource: the server responded with a status of 400 () @ https://googleads.g.doubleclick.net/pagead/ads?client=ca-()&output=html&h=280&slotname=()&adk=195873642&adf=1994834710&pi=t.ma~as.()&abgtt=1&w=732&fwrn=4&fwrnh=100&lmt=1786260214&rafmt=1&format=732x280&url=https%3A%2F%2Fnicerella.vercel.app%2Fproducts%2F94aaf9fd-0790-42b5-ad6d-9c1bcb8c7302&fwr=0&fwrattr=true&rpe=1&resp_fmts=3&aiof=10&asro=0&aimartd=4&aieuf=1&aicrs=1&uach=WyJMaW51eCIsIiIsIng4NiIsIiIsIjE1MS4wLjc5MjIuNzUiLG51bGwsMCxudWxsLCI2NCIsW1siTm90PUE_QnJhbmQiLCI5OS4wLjAuMCJdLFsiR29vZ2xlIENocm9tZSIsIjE1MS4wLjc5MjIuNzUiXSxbIkNocm9taXVtIiwiMTUxLjAuNzkyMi43NSJdXSwwXQ..&dt=1786260214434&bpp=1&bdt=385&idt=1&shv=r20260805&mjsv=m202608060101&ptt=9&saldr=aa&abxe=1&cookie_enabled=1&eoidce=1&prev_fmts=0x0&nras=1&correlator=3299955396378&frm=20&pv=2&u_tz=0&u_his=4&u_h=600&u_w=800&u_ah=600&u_aw=800&u_cd=24&u_sd=1&dmc=8&adx=24&ady=1388&biw=780&bih=493&scr_x=0&scr_y=0&eid=95396138%2C95397133%2C95397380%2C122880126%2C122880261&oid=2&pvsid=6965479116560924&tmod=873616100&uas=0&nvt=1&fc=1920&brdim=10%2C10%2C10%2C10%2C800%2C0%2C780%2C580%2C780%2C493&vis=1&rsz=%7C%7CpeEbr%7C&abl=CS&pfx=0&fu=128&bc=31&bz=1&pgls=CAk.&ifi=2&uci=a!2&btvi=1&fsb=1&dtd=8:0
[    5087ms] [WARNING] The resource https://nicerella.vercel.app/__clerk/npm/@clerk/ui@1/dist/ui.browser.js was preloaded using link preload but not used within a few seconds from the window's load event. Please make sure it has an appropriate `as` value and it is preloaded intentionally. @ https://nicerella.vercel.app/products/94aaf9fd-0790-42b5-ad6d-9c1bcb8c7302:0
[   15680ms] [ERROR] Failed to load resource: the server responded with a status of 404 () @ https://nicerella.vercel.app/__clerk/npm/@clerk/clerk-js@6/dist/clerk.browser.js:0
[   15681ms] [ERROR] Refused to execute script from 'https://nicerella.vercel.app/__clerk/npm/@clerk/clerk-js@6/dist/clerk.browser.js' because its MIME type ('text/html') is not executable, and strict MIME type checking is enabled. @ https://nicerella.vercel.app/products/94aaf9fd-0790-42b5-ad6d-9c1bcb8c7302:0
[   15998ms] [ERROR] Failed to load resource: the server responded with a status of 404 () @ https://nicerella.vercel.app/__clerk/npm/@clerk/clerk-js@6/dist/clerk.browser.js:0
[   15998ms] [ERROR] Refused to execute script from 'https://nicerella.vercel.app/__clerk/npm/@clerk/clerk-js@6/dist/clerk.browser.js' because its MIME type ('text/html') is not executable, and strict MIME type checking is enabled. @ https://nicerella.vercel.app/products/94aaf9fd-0790-42b5-ad6d-9c1bcb8c7302:0
[   16431ms] [ERROR] Failed to load resource: the server responded with a status of 404 () @ https://nicerella.vercel.app/__clerk/npm/@clerk/clerk-js@6/dist/clerk.browser.js:0
[   16431ms] [ERROR] Refused to execute script from 'https://nicerella.vercel.app/__clerk/npm/@clerk/clerk-js@6/dist/clerk.browser.js' because its MIME type ('text/html') is not executable, and strict MIME type checking is enabled. @ https://nicerella.vercel.app/products/94aaf9fd-0790-42b5-ad6d-9c1bcb8c7302:0
[   17393ms] [ERROR] Failed to load resource: the server responded with a status of 404 () @ https://nicerella.vercel.app/__clerk/npm/@clerk/clerk-js@6/dist/clerk.browser.js:0
[   17393ms] [ERROR] Refused to execute script from 'https://nicerella.vercel.app/__clerk/npm/@clerk/clerk-js@6/dist/clerk.browser.js' because its MIME type ('text/html') is not executable, and strict MIME type checking is enabled. @ https://nicerella.vercel.app/products/94aaf9fd-0790-42b5-ad6d-9c1bcb8c7302:0
[   19169ms] [ERROR] Failed to load resource: the server responded with a status of 404 () @ https://nicerella.vercel.app/__clerk/npm/@clerk/clerk-js@6/dist/clerk.browser.js:0
[   19169ms] [ERROR] Refused to execute script from 'https://nicerella.vercel.app/__clerk/npm/@clerk/clerk-js@6/dist/clerk.browser.js' because its MIME type ('text/html') is not executable, and strict MIME type checking is enabled. @ https://nicerella.vercel.app/products/94aaf9fd-0790-42b5-ad6d-9c1bcb8c7302:0
[   21205ms] [ERROR] Failed to load resource: the server responded with a status of 404 () @ https://nicerella.vercel.app/__clerk/npm/@clerk/clerk-js@6/dist/clerk.browser.js:0
[   21205ms] [ERROR] Refused to execute script from 'https://nicerella.vercel.app/__clerk/npm/@clerk/clerk-js@6/dist/clerk.browser.js' because its MIME type ('text/html') is not executable, and strict MIME type checking is enabled. @ https://nicerella.vercel.app/products/94aaf9fd-0790-42b5-ad6d-9c1bcb8c7302:0
[   21210ms] e: Clerk: Failed to load Clerk JS, failed to load script: /__clerk/npm/@clerk/clerk-js@6/dist/clerk.browser.js

(code="failed_to_load_clerk_js")


    at r (https://nicerella.vercel.app/_next/static/immutable/chunks/0yr65ozcpcvbr.js:1:4580)
    at https://nicerella.vercel.app/_next/static/immutable/chunks/0yr65ozcpcvbr.js:1:5040
[   24208ms] [WARNING] The resource https://nicerella.vercel.app/__clerk/npm/@clerk/ui@1/dist/ui.browser.js was preloaded using link preload but not used within a few seconds from the window's load event. Please make sure it has an appropriate `as` value and it is preloaded intentionally. @ https://nicerella.vercel.app/products/94aaf9fd-0790-42b5-ad6d-9c1bcb8c7302:0
[   30652ms] [ERROR] e: Clerk: Failed to load Clerk JS

(code="failed_to_load_clerk_js")


    at r (https://nicerella.vercel.app/_next/static/immutable/chunks/0yr65ozcpcvbr.js:1:4580)
    at I (https://nicerella.vercel.app/_next/static/immutable/chunks/0yr65ozcpcvbr.js:1:4939)
    at async e.getClerkJsEntryChunk (https://nicerella.vercel.app/_next/static/immutable/chunks/0yr65ozcpcvbr.js:2:35057)
    at async e.getEntryChunks (https://nicerella.vercel.app/_next/static/immutable/chunks/0yr65ozcpcvbr.js:2:34558) @ https://nicerella.vercel.app/_next/static/immutable/chunks/0yr65ozcpcvbr.js:1
