[     280ms] [LOG] [Fast Refresh] rebuilding @ http://localhost:3000/_next/static/chunks/node_modules_next_dist_1e8vcs8._.js:776
[    1145ms] [LOG] [Fast Refresh] done in 967ms @ http://localhost:3000/_next/static/chunks/node_modules_next_dist_1e8vcs8._.js:776
[    1356ms] [LOG] [Fast Refresh] rebuilding @ http://localhost:3000/_next/static/chunks/node_modules_next_dist_1e8vcs8._.js:776
[    5174ms] [INFO] %cDownload the React DevTools for a better development experience: https://react.dev/link/react-devtools font-weight:bold @ http://localhost:3000/_next/static/chunks/node_modules_next_dist_1e8vcs8._.js:776
[    5220ms] [LOG] [HMR] connected @ http://localhost:3000/_next/static/chunks/node_modules_next_dist_1e8vcs8._.js:776
[    5940ms] [WARNING] Clerk: Clerk has been loaded with development keys. Development instances have strict usage limits and should not be used when deploying your application to production. Learn more: https://clerk.com/docs/deployments/overview @ http://localhost:3000/_next/static/chunks/node_modules_next_dist_1e8vcs8._.js:776
[    8297ms] [VERBOSE] [DOM] Input elements should have autocomplete attributes (suggested: "current-password"): (More info: https://goo.gl/9p2vKq) %o @ http://localhost:3000/sign-in:0
[  211427ms] [INFO] %cDownload the React DevTools for a better development experience: https://react.dev/link/react-devtools font-weight:bold @ http://localhost:3000/_next/static/chunks/node_modules_next_dist_1e8vcs8._.js:776
[  211520ms] [LOG] [HMR] connected @ http://localhost:3000/_next/static/chunks/node_modules_next_dist_1e8vcs8._.js:776
[  211906ms] [WARNING] Clerk: Clerk has been loaded with development keys. Development instances have strict usage limits and should not be used when deploying your application to production. Learn more: https://clerk.com/docs/deployments/overview @ http://localhost:3000/_next/static/chunks/node_modules_next_dist_1e8vcs8._.js:776
[  285486ms] [LOG] [Fast Refresh] rebuilding @ http://localhost:3000/_next/static/chunks/node_modules_next_dist_1e8vcs8._.js:776
[  286174ms] [LOG] [Fast Refresh] done in 788ms @ http://localhost:3000/_next/static/chunks/node_modules_next_dist_1e8vcs8._.js:776
[  501029ms] [LOG] [Fast Refresh] rebuilding @ http://localhost:3000/_next/static/chunks/node_modules_next_dist_1e8vcs8._.js:776
[  507435ms] [LOG] [Fast Refresh] done in 6425ms @ http://localhost:3000/_next/static/chunks/node_modules_next_dist_1e8vcs8._.js:776
[  508407ms] [LOG] [Fast Refresh] done in 6425ms @ http://localhost:3000/_next/static/chunks/node_modules_next_dist_1e8vcs8._.js:776
[  510361ms] [LOG] [Fast Refresh] done in 6425ms @ http://localhost:3000/_next/static/chunks/node_modules_next_dist_1e8vcs8._.js:776
[  516269ms] [LOG] [Fast Refresh] done in 6425ms @ http://localhost:3000/_next/static/chunks/node_modules_next_dist_1e8vcs8._.js:776
[  573415ms] [LOG] [Fast Refresh] done in 6425ms @ http://localhost:3000/_next/static/chunks/node_modules_next_dist_1e8vcs8._.js:776
[  575905ms] [LOG] [Fast Refresh] done in 6425ms @ http://localhost:3000/_next/static/chunks/node_modules_next_dist_1e8vcs8._.js:776
[  576683ms] [LOG] [Fast Refresh] done in 6425ms @ http://localhost:3000/_next/static/chunks/node_modules_next_dist_1e8vcs8._.js:776
[  591872ms] [LOG] [Fast Refresh] done in 6425ms @ http://localhost:3000/_next/static/chunks/node_modules_next_dist_1e8vcs8._.js:776
[  592769ms] [INFO] %cDownload the React DevTools for a better development experience: https://react.dev/link/react-devtools font-weight:bold @ http://localhost:3000/_next/static/chunks/node_modules_next_dist_1e8vcs8._.js:776
[  592827ms] [LOG] [HMR] connected @ http://localhost:3000/_next/static/chunks/node_modules_next_dist_1e8vcs8._.js:776
[  593258ms] [WARNING] Clerk: Clerk has been loaded with development keys. Development instances have strict usage limits and should not be used when deploying your application to production. Learn more: https://clerk.com/docs/deployments/overview @ http://localhost:3000/_next/static/chunks/node_modules_next_dist_1e8vcs8._.js:776
[  661670ms] [ERROR] WebSocket connection to 'ws://localhost:3000/_next/hmr?id=2eZ4TGeiKA8QUpj84EsME' failed: Error in connection establishment: net::ERR_CONNECTION_REFUSED @ http://localhost:3000/_next/static/chunks/node_modules_next_dist_client_0_90u2t._.js:16256
[  662674ms] [ERROR] WebSocket connection to 'ws://localhost:3000/_next/hmr?id=2eZ4TGeiKA8QUpj84EsME' failed: Error in connection establishment: net::ERR_CONNECTION_REFUSED @ http://localhost:3000/_next/static/chunks/node_modules_next_dist_client_0_90u2t._.js:16256
[  663677ms] [ERROR] WebSocket connection to 'ws://localhost:3000/_next/hmr?id=2eZ4TGeiKA8QUpj84EsME' failed: Error in connection establishment: net::ERR_CONNECTION_REFUSED @ http://localhost:3000/_next/static/chunks/node_modules_next_dist_client_0_90u2t._.js:16256
[  664679ms] [ERROR] WebSocket connection to 'ws://localhost:3000/_next/hmr?id=2eZ4TGeiKA8QUpj84EsME' failed: Error in connection establishment: net::ERR_CONNECTION_REFUSED @ http://localhost:3000/_next/static/chunks/node_modules_next_dist_client_0_90u2t._.js:16256
[  665691ms] [ERROR] WebSocket connection to 'ws://localhost:3000/_next/hmr?id=2eZ4TGeiKA8QUpj84EsME' failed: Error in connection establishment: net::ERR_CONNECTION_REFUSED @ http://localhost:3000/_next/static/chunks/node_modules_next_dist_client_0_90u2t._.js:16256
[  670693ms] [ERROR] WebSocket connection to 'ws://localhost:3000/_next/hmr?id=2eZ4TGeiKA8QUpj84EsME' failed: Error in connection establishment: net::ERR_CONNECTION_REFUSED @ http://localhost:3000/_next/static/chunks/node_modules_next_dist_client_0_90u2t._.js:16256
[  675694ms] [ERROR] WebSocket connection to 'ws://localhost:3000/_next/hmr?id=2eZ4TGeiKA8QUpj84EsME' failed: Error in connection establishment: net::ERR_CONNECTION_REFUSED @ http://localhost:3000/_next/static/chunks/node_modules_next_dist_client_0_90u2t._.js:16256
[  684440ms] [LOG] [HMR] connected @ http://localhost:3000/_next/static/chunks/node_modules_next_dist_1e8vcs8._.js:776
[  701135ms] [INFO] %cDownload the React DevTools for a better development experience: https://react.dev/link/react-devtools font-weight:bold @ http://localhost:3000/_next/static/chunks/node_modules_next_dist_1e8vcs8._.js:776
[  701261ms] [LOG] [HMR] connected @ http://localhost:3000/_next/static/chunks/node_modules_next_dist_1e8vcs8._.js:776
[  701482ms] [LOG] [Fast Refresh] rebuilding @ http://localhost:3000/_next/static/chunks/node_modules_next_dist_1e8vcs8._.js:776
[  701513ms] [WARNING] Clerk: Clerk has been loaded with development keys. Development instances have strict usage limits and should not be used when deploying your application to production. Learn more: https://clerk.com/docs/deployments/overview @ http://localhost:3000/_next/static/chunks/node_modules_next_dist_1e8vcs8._.js:776
[  702644ms] [LOG] [Fast Refresh] done in 1271ms @ http://localhost:3000/_next/static/chunks/node_modules_next_dist_1e8vcs8._.js:776
[  716611ms] [LOG] [Fast Refresh] rebuilding @ http://localhost:3000/_next/static/chunks/node_modules_next_dist_1e8vcs8._.js:776
[  716681ms] [LOG] [Fast Refresh] done in 170ms @ http://localhost:3000/_next/static/chunks/node_modules_next_dist_1e8vcs8._.js:776
[ 1000601ms] [LOG] [Fast Refresh] rebuilding @ http://localhost:3000/_next/static/chunks/node_modules_next_dist_1e8vcs8._.js:776
[ 1001209ms] [LOG] [Fast Refresh] done in 710ms @ http://localhost:3000/_next/static/chunks/node_modules_next_dist_1e8vcs8._.js:776
[ 1001411ms] [LOG] [Fast Refresh] rebuilding @ http://localhost:3000/_next/static/chunks/node_modules_next_dist_1e8vcs8._.js:776
[ 1006261ms] [LOG] [Fast Refresh] done in 4952ms @ http://localhost:3000/_next/static/chunks/node_modules_next_dist_1e8vcs8._.js:776
[ 1007269ms] [INFO] %cDownload the React DevTools for a better development experience: https://react.dev/link/react-devtools font-weight:bold @ http://localhost:3000/_next/static/chunks/node_modules_next_dist_1e8vcs8._.js:776
[ 1007481ms] [LOG] [HMR] connected @ http://localhost:3000/_next/static/chunks/node_modules_next_dist_1e8vcs8._.js:776
[ 1007805ms] [LOG] [Fast Refresh] rebuilding @ http://localhost:3000/_next/static/chunks/node_modules_next_dist_1e8vcs8._.js:776
[ 1007851ms] [WARNING] Clerk: Clerk has been loaded with development keys. Development instances have strict usage limits and should not be used when deploying your application to production. Learn more: https://clerk.com/docs/deployments/overview @ http://localhost:3000/_next/static/chunks/node_modules_next_dist_1e8vcs8._.js:776
[ 1011815ms] [VERBOSE] [DOM] Input elements should have autocomplete attributes (suggested: "current-password"): (More info: https://goo.gl/9p2vKq) %o @ http://localhost:3000/sign-in?__clerk_ticket=eyJhbGciOiJSUzI1NiIsInR5cCI6IkpXVCJ9.eyJleHAiOjE3ODg2NzMyNzEsImlpZCI6Imluc18zSFhCVDY4MU5ONDdzZ3Z1MG05SjJ0SUhzeEYiLCJzaWQiOiJzaXRfM0haaDAzSWdWMmY5ZGZzbDFxdVA0N0huUk9QIiwic3QiOiJzaWduX2luX3Rva2VuIn0.eEM2yHAlhMdMoCsZry-3_Ms8SozGsZbMCFWcCQUJ8Tn6BRtd1OYgIQa-9PLLiuv0GpVwSV6thWh47JUVU7s-3GwlvMy0iA5SwhcX4rGXOjJgw_I3P_RKTGiUcPhQZDg8r1ys-SGzmflu6mCpPuHqMmGa7kVxJY7Emj6dWWrfqK2Uj77MThCmScmu4y_tGaEfG0zG-54_aj1nknvdysgUa_beiML5t5Oq6IgUXCuXwRB_LlSTZCESKKf3IwHPXMZHKXPJwpMmKUNtECt8gE7COJ5tNbbNBDKEwOgzXlZkWW4O6qu4P8Za4gANUuybkyqWc6aGnAbxBtUjUCVYbEWRag:0
[ 1012344ms] [ERROR] Failed to load resource: the server responded with a status of 400 () @ https://prime-oarfish-8.clerk.accounts.dev/v1/client/sign_ins?__clerk_api_version=2026-05-12&_clerk_js_version=6.26.0&__clerk_db_jwt=dvb_3HZXGnwRBPE2uvUQ3UbqpHQr8on:0
[ 1012815ms] [VERBOSE] [DOM] Input elements should have autocomplete attributes (suggested: "current-password"): (More info: https://goo.gl/9p2vKq) %o @ http://localhost:3000/sign-in?__clerk_ticket=eyJhbGciOiJSUzI1NiIsInR5cCI6IkpXVCJ9.eyJleHAiOjE3ODg2NzMyNzEsImlpZCI6Imluc18zSFhCVDY4MU5ONDdzZ3Z1MG05SjJ0SUhzeEYiLCJzaWQiOiJzaXRfM0haaDAzSWdWMmY5ZGZzbDFxdVA0N0huUk9QIiwic3QiOiJzaWduX2luX3Rva2VuIn0.eEM2yHAlhMdMoCsZry-3_Ms8SozGsZbMCFWcCQUJ8Tn6BRtd1OYgIQa-9PLLiuv0GpVwSV6thWh47JUVU7s-3GwlvMy0iA5SwhcX4rGXOjJgw_I3P_RKTGiUcPhQZDg8r1ys-SGzmflu6mCpPuHqMmGa7kVxJY7Emj6dWWrfqK2Uj77MThCmScmu4y_tGaEfG0zG-54_aj1nknvdysgUa_beiML5t5Oq6IgUXCuXwRB_LlSTZCESKKf3IwHPXMZHKXPJwpMmKUNtECt8gE7COJ5tNbbNBDKEwOgzXlZkWW4O6qu4P8Za4gANUuybkyqWc6aGnAbxBtUjUCVYbEWRag:0
[ 1014011ms] [LOG] [Fast Refresh] done in 6323ms @ http://localhost:3000/_next/static/chunks/node_modules_next_dist_1e8vcs8._.js:776
[ 1365094ms] [ERROR] WebSocket connection to 'ws://localhost:3000/_next/hmr?id=b_OFAkw-fDNlhbd6jaVap' failed: Error in connection establishment: net::ERR_CONNECTION_REFUSED @ http://localhost:3000/_next/static/chunks/node_modules_next_dist_client_0_90u2t._.js:16256
[ 1366105ms] [ERROR] WebSocket connection to 'ws://localhost:3000/_next/hmr?id=b_OFAkw-fDNlhbd6jaVap' failed: Error in connection establishment: net::ERR_CONNECTION_REFUSED @ http://localhost:3000/_next/static/chunks/node_modules_next_dist_client_0_90u2t._.js:16256
[ 1372649ms] [LOG] [HMR] connected @ http://localhost:3000/_next/static/chunks/node_modules_next_dist_1e8vcs8._.js:776
[ 1425543ms] [INFO] %cDownload the React DevTools for a better development experience: https://react.dev/link/react-devtools font-weight:bold @ http://localhost:3000/_next/static/chunks/node_modules_next_dist_1e8vcs8._.js:776
[ 1425872ms] [LOG] [HMR] connected @ http://localhost:3000/_next/static/chunks/node_modules_next_dist_1e8vcs8._.js:776
[ 1426424ms] [WARNING] Clerk: Clerk has been loaded with development keys. Development instances have strict usage limits and should not be used when deploying your application to production. Learn more: https://clerk.com/docs/deployments/overview @ http://localhost:3000/_next/static/chunks/node_modules_next_dist_1e8vcs8._.js:776
[ 1427649ms] [ERROR] Failed to load resource: the server responded with a status of 400 () @ https://prime-oarfish-8.clerk.accounts.dev/v1/client/sign_ins?__clerk_api_version=2026-05-12&_clerk_js_version=6.26.0&__clerk_db_jwt=dvb_3HZXGnwRBPE2uvUQ3UbqpHQr8on:0
[ 1427977ms] [VERBOSE] [DOM] Input elements should have autocomplete attributes (suggested: "current-password"): (More info: https://goo.gl/9p2vKq) %o @ http://localhost:3000/sign-in?__clerk_ticket=eyJhbGciOiJSUzI1NiIsInR5cCI6IkpXVCJ9.eyJleHAiOjE3ODg2NzMyNzEsImlpZCI6Imluc18zSFhCVDY4MU5ONDdzZ3Z1MG05SjJ0SUhzeEYiLCJzaWQiOiJzaXRfM0haaDAzSWdWMmY5ZGZzbDFxdVA0N0huUk9QIiwic3QiOiJzaWduX2luX3Rva2VuIn0.eEM2yHAlhMdMoCsZry-3_Ms8SozGsZbMCFWcCQUJ8Tn6BRtd1OYgIQa-9PLLiuv0GpVwSV6thWh47JUVU7s-3GwlvMy0iA5SwhcX4rGXOjJgw_I3P_RKTGiUcPhQZDg8r1ys-SGzmflu6mCpPuHqMmGa7kVxJY7Emj6dWWrfqK2Uj77MThCmScmu4y_tGaEfG0zG-54_aj1nknvdysgUa_beiML5t5Oq6IgUXCuXwRB_LlSTZCESKKf3IwHPXMZHKXPJwpMmKUNtECt8gE7COJ5tNbbNBDKEwOgzXlZkWW4O6qu4P8Za4gANUuybkyqWc6aGnAbxBtUjUCVYbEWRag:0
[ 1467879ms] [INFO] %cDownload the React DevTools for a better development experience: https://react.dev/link/react-devtools font-weight:bold @ http://localhost:3000/_next/static/chunks/node_modules_next_dist_1e8vcs8._.js:776
[ 1467945ms] [LOG] [HMR] connected @ http://localhost:3000/_next/static/chunks/node_modules_next_dist_1e8vcs8._.js:776
[ 1468132ms] [WARNING] Clerk: Clerk has been loaded with development keys. Development instances have strict usage limits and should not be used when deploying your application to production. Learn more: https://clerk.com/docs/deployments/overview @ http://localhost:3000/_next/static/chunks/node_modules_next_dist_1e8vcs8._.js:776
[ 1469849ms] [INFO] %cDownload the React DevTools for a better development experience: https://react.dev/link/react-devtools font-weight:bold @ http://localhost:3000/_next/static/chunks/node_modules_next_dist_1e8vcs8._.js:776
[ 1469979ms] [LOG] [HMR] connected @ http://localhost:3000/_next/static/chunks/node_modules_next_dist_1e8vcs8._.js:776
[ 1470415ms] [WARNING] Clerk: Clerk has been loaded with development keys. Development instances have strict usage limits and should not be used when deploying your application to production. Learn more: https://clerk.com/docs/deployments/overview @ http://localhost:3000/_next/static/chunks/node_modules_next_dist_1e8vcs8._.js:776
[ 1562606ms] [INFO] %cDownload the React DevTools for a better development experience: https://react.dev/link/react-devtools font-weight:bold @ http://localhost:3000/_next/static/chunks/node_modules_next_dist_1e8vcs8._.js:776
[ 1562669ms] [LOG] [HMR] connected @ http://localhost:3000/_next/static/chunks/node_modules_next_dist_1e8vcs8._.js:776
[ 1562963ms] [WARNING] Clerk: Clerk has been loaded with development keys. Development instances have strict usage limits and should not be used when deploying your application to production. Learn more: https://clerk.com/docs/deployments/overview @ http://localhost:3000/_next/static/chunks/node_modules_next_dist_1e8vcs8._.js:776
[ 1696583ms] [INFO] %cDownload the React DevTools for a better development experience: https://react.dev/link/react-devtools font-weight:bold @ http://localhost:3000/_next/static/chunks/node_modules_next_dist_1e8vcs8._.js:776
[ 1696658ms] [LOG] [HMR] connected @ http://localhost:3000/_next/static/chunks/node_modules_next_dist_1e8vcs8._.js:776
[ 1696861ms] [WARNING] Clerk: Clerk has been loaded with development keys. Development instances have strict usage limits and should not be used when deploying your application to production. Learn more: https://clerk.com/docs/deployments/overview @ http://localhost:3000/_next/static/chunks/node_modules_next_dist_1e8vcs8._.js:776
[ 1697317ms] [INFO] 🔒 Clerk:
The <SignIn/> component cannot render when a user is already signed in, unless the application allows multiple sessions. Since a user is signed in and this application only allows a single session, Clerk is redirecting to the `afterSignIn` URL instead.
(This notice only appears in development) @ http://localhost:3000/_next/static/chunks/node_modules_next_dist_1e8vcs8._.js:776
[ 1733777ms] [INFO] %cDownload the React DevTools for a better development experience: https://react.dev/link/react-devtools font-weight:bold @ http://localhost:3000/_next/static/chunks/node_modules_next_dist_1e8vcs8._.js:776
[ 1733818ms] [LOG] [HMR] connected @ http://localhost:3000/_next/static/chunks/node_modules_next_dist_1e8vcs8._.js:776
[ 1734284ms] [WARNING] Clerk: Clerk has been loaded with development keys. Development instances have strict usage limits and should not be used when deploying your application to production. Learn more: https://clerk.com/docs/deployments/overview @ http://localhost:3000/_next/static/chunks/node_modules_next_dist_1e8vcs8._.js:776
