[    1245ms] [ERROR] Failed to load resource: the server responded with a status of 404 () @ https://nicerella.vercel.app/__clerk/npm/@clerk/clerk-js@6/dist/clerk.browser.js:0
[    1246ms] [ERROR] Refused to execute script from 'https://nicerella.vercel.app/__clerk/npm/@clerk/clerk-js@6/dist/clerk.browser.js' because its MIME type ('text/html') is not executable, and strict MIME type checking is enabled. @ https://nicerella.vercel.app/pricing:0
[    1247ms] [ERROR] Failed to load resource: the server responded with a status of 404 () @ https://nicerella.vercel.app/__clerk/npm/@clerk/ui@1/dist/ui.browser.js:0
[    1372ms] [WARNING] AdSense head tag doesn't support data-nscript attribute. @ https://pagead2.googlesyndication.com/pagead/js/adsbygoogle.js?client=():299
[    1569ms] [ERROR] Failed to load resource: the server responded with a status of 400 () @ https://googleads.g.doubleclick.net/pagead/ads?client=()&output=html&adk=1812271804&adf=3025194257&abgtt=1&lmt=1786261299&plat=1%3A8%2C2%3A8%2C3%3A2162688%2C4%3A2162688%2C9%3A32776%2C16%3A8388608%2C17%3A32%2C24%3A32%2C25%3A32%2C30%3A1048576%2C32%3A32%2C41%3A32%2C42%3A32%2C43%3A32%2C44%3A32&format=0x0&url=https%3A%2F%2Fnicerella.vercel.app%2Fpricing&pra=5&aiof=10&asro=0&aimartd=4&aieuf=1&aicrs=1&uach=WyJMaW51eCIsIiIsIng4NiIsIiIsIjE1MS4wLjc5MjIuNzUiLG51bGwsMCxudWxsLCI2NCIsW1siTm90PUE_QnJhbmQiLCI5OS4wLjAuMCJdLFsiR29vZ2xlIENocm9tZSIsIjE1MS4wLjc5MjIuNzUiXSxbIkNocm9taXVtIiwiMTUxLjAuNzkyMi43NSJdXSwwXQ..&dt=1786261299794&bpp=2&bdt=177&idt=79&shv=r20260805&mjsv=m202608040101&ptt=9&saldr=aa&abxe=1&cookie_enabled=1&eoidce=1&nras=1&correlator=8388215182513&frm=20&pv=2&u_tz=0&u_his=5&u_h=600&u_w=800&u_ah=600&u_aw=800&u_cd=24&u_sd=1&dmc=8&adx=-12245933&ady=-12245933&biw=780&bih=493&scr_x=0&scr_y=0&eid=95395795%2C31084127%2C95396138%2C95397129&oid=2&pvsid=5711258090847521&tmod=875852180&uas=3&nvt=1&fsapi=1&fc=1920&brdim=10%2C10%2C10%2C10%2C800%2C0%2C780%2C580%2C780%2C493&vis=1&rsz=%7C%7Cs%7C&abl=NS&fu=32768&bc=31&bz=1&pgls=CAk.&ifi=1&uci=a!1&fsb=1&dtd=96:0
[    5690ms] [WARNING] The resource https://nicerella.vercel.app/__clerk/npm/@clerk/ui@1/dist/ui.browser.js was preloaded using link preload but not used within a few seconds from the window's load event. Please make sure it has an appropriate `as` value and it is preloaded intentionally. @ https://nicerella.vercel.app/pricing:0
[   16276ms] [ERROR] Failed to load resource: the server responded with a status of 404 () @ https://nicerella.vercel.app/__clerk/npm/@clerk/clerk-js@6/dist/clerk.browser.js:0
[   16277ms] [ERROR] Refused to execute script from 'https://nicerella.vercel.app/__clerk/npm/@clerk/clerk-js@6/dist/clerk.browser.js' because its MIME type ('text/html') is not executable, and strict MIME type checking is enabled. @ https://nicerella.vercel.app/pricing:0
[   16534ms] [ERROR] Failed to load resource: the server responded with a status of 404 () @ https://nicerella.vercel.app/__clerk/npm/@clerk/clerk-js@6/dist/clerk.browser.js:0
[   16534ms] [ERROR] Refused to execute script from 'https://nicerella.vercel.app/__clerk/npm/@clerk/clerk-js@6/dist/clerk.browser.js' because its MIME type ('text/html') is not executable, and strict MIME type checking is enabled. @ https://nicerella.vercel.app/pricing:0
[   17009ms] [ERROR] Failed to load resource: the server responded with a status of 404 () @ https://nicerella.vercel.app/__clerk/npm/@clerk/clerk-js@6/dist/clerk.browser.js:0
[   17009ms] [ERROR] Refused to execute script from 'https://nicerella.vercel.app/__clerk/npm/@clerk/clerk-js@6/dist/clerk.browser.js' because its MIME type ('text/html') is not executable, and strict MIME type checking is enabled. @ https://nicerella.vercel.app/pricing:0
[   17594ms] [ERROR] Failed to load resource: the server responded with a status of 404 () @ https://nicerella.vercel.app/__clerk/npm/@clerk/clerk-js@6/dist/clerk.browser.js:0
[   17594ms] [ERROR] Refused to execute script from 'https://nicerella.vercel.app/__clerk/npm/@clerk/clerk-js@6/dist/clerk.browser.js' because its MIME type ('text/html') is not executable, and strict MIME type checking is enabled. @ https://nicerella.vercel.app/pricing:0
[   18790ms] [ERROR] Failed to load resource: the server responded with a status of 404 () @ https://nicerella.vercel.app/__clerk/npm/@clerk/clerk-js@6/dist/clerk.browser.js:0
[   18790ms] [ERROR] Refused to execute script from 'https://nicerella.vercel.app/__clerk/npm/@clerk/clerk-js@6/dist/clerk.browser.js' because its MIME type ('text/html') is not executable, and strict MIME type checking is enabled. @ https://nicerella.vercel.app/pricing:0
[   21791ms] [WARNING] The resource https://nicerella.vercel.app/__clerk/npm/@clerk/ui@1/dist/ui.browser.js was preloaded using link preload but not used within a few seconds from the window's load event. Please make sure it has an appropriate `as` value and it is preloaded intentionally. @ https://nicerella.vercel.app/pricing:0
[   22507ms] [ERROR] Failed to load resource: the server responded with a status of 404 () @ https://nicerella.vercel.app/__clerk/npm/@clerk/clerk-js@6/dist/clerk.browser.js:0
[   22507ms] [ERROR] Refused to execute script from 'https://nicerella.vercel.app/__clerk/npm/@clerk/clerk-js@6/dist/clerk.browser.js' because its MIME type ('text/html') is not executable, and strict MIME type checking is enabled. @ https://nicerella.vercel.app/pricing:0
[   22508ms] e: Clerk: Failed to load Clerk JS, failed to load script: /__clerk/npm/@clerk/clerk-js@6/dist/clerk.browser.js

(code="failed_to_load_clerk_js")


    at r (https://nicerella.vercel.app/_next/static/immutable/chunks/0yr65ozcpcvbr.js:1:4580)
    at https://nicerella.vercel.app/_next/static/immutable/chunks/0yr65ozcpcvbr.js:1:5040
[   25507ms] [WARNING] The resource https://nicerella.vercel.app/__clerk/npm/@clerk/ui@1/dist/ui.browser.js was preloaded using link preload but not used within a few seconds from the window's load event. Please make sure it has an appropriate `as` value and it is preloaded intentionally. @ https://nicerella.vercel.app/pricing:0
[   31257ms] [ERROR] e: Clerk: Failed to load Clerk JS

(code="failed_to_load_clerk_js")


    at r (https://nicerella.vercel.app/_next/static/immutable/chunks/0yr65ozcpcvbr.js:1:4580)
    at I (https://nicerella.vercel.app/_next/static/immutable/chunks/0yr65ozcpcvbr.js:1:4939)
    at async e.getClerkJsEntryChunk (https://nicerella.vercel.app/_next/static/immutable/chunks/0yr65ozcpcvbr.js:2:35057)
    at async e.getEntryChunks (https://nicerella.vercel.app/_next/static/immutable/chunks/0yr65ozcpcvbr.js:2:34558) @ https://nicerella.vercel.app/_next/static/immutable/chunks/0yr65ozcpcvbr.js:1
[  305897ms] [WARNING] The resource https://nicerella.vercel.app/__clerk/npm/@clerk/ui@1/dist/ui.browser.js was preloaded using link preload but not used within a few seconds from the window's load event. Please make sure it has an appropriate `as` value and it is preloaded intentionally. @ https://nicerella.vercel.app/pricing:0
[  606727ms] [WARNING] The resource https://nicerella.vercel.app/__clerk/npm/@clerk/ui@1/dist/ui.browser.js was preloaded using link preload but not used within a few seconds from the window's load event. Please make sure it has an appropriate `as` value and it is preloaded intentionally. @ https://nicerella.vercel.app/pricing:0
[  905448ms] [WARNING] The resource https://nicerella.vercel.app/__clerk/npm/@clerk/ui@1/dist/ui.browser.js was preloaded using link preload but not used within a few seconds from the window's load event. Please make sure it has an appropriate `as` value and it is preloaded intentionally. @ https://nicerella.vercel.app/pricing:0
[ 1205429ms] [WARNING] The resource https://nicerella.vercel.app/__clerk/npm/@clerk/ui@1/dist/ui.browser.js was preloaded using link preload but not used within a few seconds from the window's load event. Please make sure it has an appropriate `as` value and it is preloaded intentionally. @ https://nicerella.vercel.app/pricing:0
[ 1505428ms] [WARNING] The resource https://nicerella.vercel.app/__clerk/npm/@clerk/ui@1/dist/ui.browser.js was preloaded using link preload but not used within a few seconds from the window's load event. Please make sure it has an appropriate `as` value and it is preloaded intentionally. @ https://nicerella.vercel.app/pricing:0
[ 1806690ms] [WARNING] The resource https://nicerella.vercel.app/__clerk/npm/@clerk/ui@1/dist/ui.browser.js was preloaded using link preload but not used within a few seconds from the window's load event. Please make sure it has an appropriate `as` value and it is preloaded intentionally. @ https://nicerella.vercel.app/pricing:0
[ 2105440ms] [WARNING] The resource https://nicerella.vercel.app/__clerk/npm/@clerk/ui@1/dist/ui.browser.js was preloaded using link preload but not used within a few seconds from the window's load event. Please make sure it has an appropriate `as` value and it is preloaded intentionally. @ https://nicerella.vercel.app/pricing:0
[ 2406287ms] [WARNING] The resource https://nicerella.vercel.app/__clerk/npm/@clerk/ui@1/dist/ui.browser.js was preloaded using link preload but not used within a few seconds from the window's load event. Please make sure it has an appropriate `as` value and it is preloaded intentionally. @ https://nicerella.vercel.app/pricing:0
[ 2705444ms] [WARNING] The resource https://nicerella.vercel.app/__clerk/npm/@clerk/ui@1/dist/ui.browser.js was preloaded using link preload but not used within a few seconds from the window's load event. Please make sure it has an appropriate `as` value and it is preloaded intentionally. @ https://nicerella.vercel.app/pricing:0
[ 3005428ms] [WARNING] The resource https://nicerella.vercel.app/__clerk/npm/@clerk/ui@1/dist/ui.browser.js was preloaded using link preload but not used within a few seconds from the window's load event. Please make sure it has an appropriate `as` value and it is preloaded intentionally. @ https://nicerella.vercel.app/pricing:0
[ 3305429ms] [WARNING] The resource https://nicerella.vercel.app/__clerk/npm/@clerk/ui@1/dist/ui.browser.js was preloaded using link preload but not used within a few seconds from the window's load event. Please make sure it has an appropriate `as` value and it is preloaded intentionally. @ https://nicerella.vercel.app/pricing:0
[ 3606111ms] [WARNING] The resource https://nicerella.vercel.app/__clerk/npm/@clerk/ui@1/dist/ui.browser.js was preloaded using link preload but not used within a few seconds from the window's load event. Please make sure it has an appropriate `as` value and it is preloaded intentionally. @ https://nicerella.vercel.app/pricing:0
[ 3905431ms] [WARNING] The resource https://nicerella.vercel.app/__clerk/npm/@clerk/ui@1/dist/ui.browser.js was preloaded using link preload but not used within a few seconds from the window's load event. Please make sure it has an appropriate `as` value and it is preloaded intentionally. @ https://nicerella.vercel.app/pricing:0
[ 4205428ms] [WARNING] The resource https://nicerella.vercel.app/__clerk/npm/@clerk/ui@1/dist/ui.browser.js was preloaded using link preload but not used within a few seconds from the window's load event. Please make sure it has an appropriate `as` value and it is preloaded intentionally. @ https://nicerella.vercel.app/pricing:0
[ 4505428ms] [WARNING] The resource https://nicerella.vercel.app/__clerk/npm/@clerk/ui@1/dist/ui.browser.js was preloaded using link preload but not used within a few seconds from the window's load event. Please make sure it has an appropriate `as` value and it is preloaded intentionally. @ https://nicerella.vercel.app/pricing:0
[ 4805428ms] [WARNING] The resource https://nicerella.vercel.app/__clerk/npm/@clerk/ui@1/dist/ui.browser.js was preloaded using link preload but not used within a few seconds from the window's load event. Please make sure it has an appropriate `as` value and it is preloaded intentionally. @ https://nicerella.vercel.app/pricing:0
[ 5105426ms] [WARNING] The resource https://nicerella.vercel.app/__clerk/npm/@clerk/ui@1/dist/ui.browser.js was preloaded using link preload but not used within a few seconds from the window's load event. Please make sure it has an appropriate `as` value and it is preloaded intentionally. @ https://nicerella.vercel.app/pricing:0
[ 5405427ms] [WARNING] The resource https://nicerella.vercel.app/__clerk/npm/@clerk/ui@1/dist/ui.browser.js was preloaded using link preload but not used within a few seconds from the window's load event. Please make sure it has an appropriate `as` value and it is preloaded intentionally. @ https://nicerella.vercel.app/pricing:0
[ 5705428ms] [WARNING] The resource https://nicerella.vercel.app/__clerk/npm/@clerk/ui@1/dist/ui.browser.js was preloaded using link preload but not used within a few seconds from the window's load event. Please make sure it has an appropriate `as` value and it is preloaded intentionally. @ https://nicerella.vercel.app/pricing:0
