[     344ms] [INFO] %cDownload the React DevTools for a better development experience: https://react.dev/link/react-devtools font-weight:bold @ http://localhost:3000/_next/static/chunks/node_modules_next_dist_1e8vcs8._.js:776
[     419ms] [LOG] [HMR] connected @ http://localhost:3000/_next/static/chunks/node_modules_next_dist_1e8vcs8._.js:776
[     688ms] [WARNING] Clerk: Clerk has been loaded with development keys. Development instances have strict usage limits and should not be used when deploying your application to production. Learn more: https://clerk.com/docs/deployments/overview @ http://localhost:3000/_next/static/chunks/node_modules_next_dist_1e8vcs8._.js:776
[     834ms] [LOG] [Fast Refresh] rebuilding @ http://localhost:3000/_next/static/chunks/node_modules_next_dist_1e8vcs8._.js:776
[    1287ms] [LOG] [Fast Refresh] done in 553ms @ http://localhost:3000/_next/static/chunks/node_modules_next_dist_1e8vcs8._.js:776
[    1853ms] [ERROR] Failed to load resource: the server responded with a status of 404 (Not Found) @ http://localhost:3000/sign-in/SignIn_clerk_catchall_check_1786076532694:0
[    1869ms] Error: 
Clerk: The <SignIn/> component is not configured correctly. The most likely reasons for this error are:

1. The "/sign-in" route is not a catch-all route.
It is recommended to convert this route to a catch-all route, eg: "/sign-in/[[...rest]]/page.tsx". Alternatively, you can update the <SignIn/> component to use hash-based routing by setting the "routing" prop to "hash".

2. The <SignIn/> component is mounted in a catch-all route, but all routes under "/sign-in" are protected by the middleware.
To resolve this, ensure that the middleware does not protect the catch-all route or any of its children. If you are using the "createRouteMatcher" helper, consider adding "(.*)" to the end of the route pattern, eg: "/sign-in(.*)". For more information, see: https://clerk.com/docs/reference/nextjs/clerk-middleware#create-route-matcher

    at useEnforceCatchAllRoute.useEffect.error (http://localhost:3000/_next/static/chunks/node_modules_1eoh2h7._.js:571:27)
    at useEnforceCatchAllRoute.useEffect.check (http://localhost:3000/_next/static/chunks/node_modules_1eoh2h7._.js:601:29)
[    2751ms] [VERBOSE] [DOM] Input elements should have autocomplete attributes (suggested: "current-password"): (More info: https://goo.gl/9p2vKq) %o @ http://localhost:3000/sign-in:0
[   64051ms] [LOG] [Fast Refresh] rebuilding @ http://localhost:3000/_next/static/chunks/node_modules_next_dist_1e8vcs8._.js:776
[   77628ms] [ERROR] Failed to load resource: the server responded with a status of 500 (Internal Server Error) @ http://localhost:3000/sign-in?_rsc=5vQO726CM9n1zKPy:0
[   94015ms] [LOG] [Fast Refresh] done in 12658ms @ http://localhost:3000/_next/static/chunks/node_modules_next_dist_1e8vcs8._.js:776
[  103272ms] [INFO] %cDownload the React DevTools for a better development experience: https://react.dev/link/react-devtools font-weight:bold @ http://localhost:3000/_next/static/chunks/node_modules_next_dist_1e8vcs8._.js:776
[  103493ms] [LOG] [HMR] connected @ http://localhost:3000/_next/static/chunks/node_modules_next_dist_1e8vcs8._.js:776
[  103618ms] [LOG] [Fast Refresh] rebuilding @ http://localhost:3000/_next/static/chunks/node_modules_next_dist_1e8vcs8._.js:776
[  103869ms] [WARNING] Clerk: Clerk has been loaded with development keys. Development instances have strict usage limits and should not be used when deploying your application to production. Learn more: https://clerk.com/docs/deployments/overview @ http://localhost:3000/_next/static/chunks/node_modules_next_dist_1e8vcs8._.js:776
[  105321ms] [VERBOSE] [DOM] Input elements should have autocomplete attributes (suggested: "current-password"): (More info: https://goo.gl/9p2vKq) %o @ http://localhost:3000/sign-in:0
[  106528ms] [LOG] [Fast Refresh] done in 3012ms @ http://localhost:3000/_next/static/chunks/node_modules_next_dist_1e8vcs8._.js:776
